python3 -m pytest tests -v
============================= test session starts ==============================
platform linux -- Python 3.12.3, pytest-9.1.1, pluggy-1.6.0 -- /usr/bin/python3
cachedir: .pytest_cache
rootdir: /home/runner/_work/acceptance-testing/acceptance-testing
configfile: pyproject.toml
collecting ... collected 160 items

tests/test_box_utils.py::test_box_volume_positive_values PASSED          [  0%]
tests/test_box_utils.py::test_box_volume_zero_dimension PASSED           [  1%]
tests/test_box_utils.py::test_box_volume_negative_dimension PASSED       [  1%]
tests/test_box_utils.py::test_box_volume_float_values PASSED             [  2%]
tests/test_circle_utils.py::test_area_of_circle_positive_radius PASSED   [  3%]
tests/test_circle_utils.py::test_area_of_circle_zero_radius PASSED       [  3%]
tests/test_circle_utils.py::test_area_of_circle_float_radius PASSED      [  4%]
tests/test_circle_utils.py::test_area_of_circle_negative_radius_raises PASSED [  5%]
tests/test_committer_status.py::test_can_create_job_allows_active_committer_status PASSED [  5%]
tests/test_committer_status.py::test_can_create_job_rejects_inactive_committer_status PASSED [  6%]
tests/test_committer_status.py::test_can_create_job_rejects_blank_status PASSED [  6%]
tests/test_committer_status.py::test_can_create_job_normalizes_case_and_whitespace PASSED [  7%]
tests/test_compactor.py::test_compact_reduces_file_size PASSED           [  8%]
tests/test_compactor.py::test_compact_preserves_data PASSED              [  8%]
tests/test_compactor.py::test_compact_removes_tombstones PASSED          [  9%]
tests/test_compactor.py::test_compact_deleted_keys_not_in_wal PASSED     [ 10%]
tests/test_compactor.py::test_compact_empty_store PASSED                 [ 10%]
tests/test_compactor.py::test_compact_returns_key_count PASSED           [ 11%]
tests/test_compactor.py::test_compact_is_atomic PASSED                   [ 11%]
tests/test_compactor.py::test_compact_multiple_times PASSED              [ 12%]
tests/test_compactor.py::test_compact_preserves_special_chars PASSED     [ 13%]
tests/test_cube_utils.py::test_cube_positive PASSED                      [ 13%]
tests/test_cube_utils.py::test_cube_negative PASSED                      [ 14%]
tests/test_cube_utils.py::test_cube_zero PASSED                          [ 15%]
tests/test_cube_utils.py::test_cube_float PASSED                         [ 15%]
tests/test_greetings.py::test_hello_world_returns_expected_string PASSED [ 16%]
tests/test_hello.py::test_hello_returns_hello PASSED                     [ 16%]
tests/test_hello_script.py::test_hello_script_prints_hello_world PASSED  [ 17%]
tests/test_hello_world.py::test_hello_world_prints PASSED                [ 18%]
tests/test_hello_world.py::test_hello_german_prints PASSED               [ 18%]
tests/test_math_helpers.py::test_multiply_positive PASSED                [ 19%]
tests/test_math_helpers.py::test_multiply_by_zero PASSED                 [ 20%]
tests/test_math_helpers.py::test_multiply_negative PASSED                [ 20%]
tests/test_math_helpers.py::test_multiply_floats PASSED                  [ 21%]
tests/test_math_helpers.py::test_divide_basic PASSED                     [ 21%]
tests/test_math_helpers.py::test_divide_negative PASSED                  [ 22%]
tests/test_math_helpers.py::test_divide_floats PASSED                    [ 23%]
tests/test_math_helpers.py::test_divide_by_zero PASSED                   [ 23%]
tests/test_math_helpers.py::test_factorial_zero PASSED                   [ 24%]
tests/test_math_helpers.py::test_factorial_one PASSED                    [ 25%]
tests/test_math_helpers.py::test_factorial_positive PASSED               [ 25%]
tests/test_math_helpers.py::test_factorial_negative PASSED               [ 26%]
tests/test_math_helpers.py::test_speed_of_light_constants_in_multiple_units PASSED [ 26%]
tests/test_math_helpers.py::test_speed_of_light_mapping PASSED           [ 27%]
tests/test_math_helpers.py::test_speed_of_light_returns_value_for_unit PASSED [ 28%]
tests/test_math_helpers.py::test_speed_of_light_rejects_unsupported_unit PASSED [ 28%]
tests/test_math_helpers.py::test_physics_constants_include_core_values PASSED [ 29%]
tests/test_math_helpers.py::test_physics_constant_mapping PASSED         [ 30%]
tests/test_math_helpers.py::test_physics_constant_returns_value_for_name PASSED [ 30%]
tests/test_math_helpers.py::test_physics_constant_rejects_unsupported_name PASSED [ 31%]
tests/test_math_ops.py::test_multiply_positive PASSED                    [ 31%]
tests/test_math_ops.py::test_multiply_by_zero PASSED                     [ 32%]
tests/test_math_ops.py::test_multiply_negative PASSED                    [ 33%]
tests/test_math_ops.py::test_multiply_floats PASSED                      [ 33%]
tests/test_math_ops.py::test_rectangle_area_positive PASSED              [ 34%]
tests/test_math_ops.py::test_rectangle_area_zero_side PASSED             [ 35%]
tests/test_math_ops.py::test_rectangle_area_floats PASSED                [ 35%]
tests/test_math_ops.py::test_power_positive PASSED                       [ 36%]
tests/test_math_ops.py::test_power_zero_exponent PASSED                  [ 36%]
tests/test_math_ops.py::test_power_zero_base_zero_exponent PASSED        [ 37%]
tests/test_math_ops.py::test_power_negative_exponent PASSED              [ 38%]
tests/test_math_ops.py::test_power_zero_base_negative_exponent PASSED    [ 38%]
tests/test_math_ops.py::test_divide_positive PASSED                      [ 39%]
tests/test_math_ops.py::test_divide_by_one PASSED                        [ 40%]
tests/test_math_ops.py::test_divide_floats PASSED                        [ 40%]
tests/test_math_ops.py::test_divide_negative PASSED                      [ 41%]
tests/test_math_ops.py::test_divide_by_zero_raises PASSED                [ 41%]
tests/test_math_ops.py::test_divide_by_zero_float_raises_with_consistent_message PASSED [ 42%]
tests/test_math_ops.py::test_absolute_returns_non_negative_magnitude[7-7] PASSED [ 43%]
tests/test_math_ops.py::test_absolute_returns_non_negative_magnitude[-7-7] PASSED [ 43%]
tests/test_math_ops.py::test_absolute_returns_non_negative_magnitude[0-0] PASSED [ 44%]
tests/test_math_ops.py::test_absolute_negative_zero_returns_positive_zero PASSED [ 45%]
tests/test_math_ops.py::test_calculate_e_accuracy PASSED                 [ 45%]
tests/test_math_ops.py::test_calculate_e_no_math_module PASSED           [ 46%]
tests/test_math_ops.py::test_sin_zero PASSED                             [ 46%]
tests/test_math_ops.py::test_sin_pi_over_two PASSED                      [ 47%]
tests/test_math_ops.py::test_sin_negative_pi_over_two PASSED             [ 48%]
tests/test_math_ops.py::test_sin_pi_is_zero PASSED                       [ 48%]
tests/test_math_ops.py::test_sin_periodicity_large_input PASSED          [ 49%]
tests/test_math_ops.py::test_calculate_p_2_pairs_returns_expected_probability PASSED [ 50%]
tests/test_math_ops.py::test_volume_of_sphere_zero_radius PASSED         [ 50%]
tests/test_math_ops.py::test_volume_of_sphere_positive_radius PASSED     [ 51%]
tests/test_math_ops.py::test_volume_of_sphere_negative_radius_raises PASSED [ 51%]
tests/test_math_ops.py::test_stddev_returns_population_standard_deviation_for_integers PASSED [ 52%]
tests/test_math_ops.py::test_stddev_returns_population_standard_deviation_for_floats PASSED [ 53%]
tests/test_math_ops.py::test_calculate_stddev_single_value_is_zero PASSED [ 53%]
tests/test_math_ops.py::test_calculate_stddev_raises_for_empty_input PASSED [ 54%]
tests/test_math_ops.py::test_calculate_stddev_without_statistics_module_dependency PASSED [ 55%]
tests/test_math_utils.py::test_add_positive_numbers PASSED               [ 55%]
tests/test_math_utils.py::test_add_negative_numbers PASSED               [ 56%]
tests/test_math_utils.py::test_add_zero PASSED                           [ 56%]
tests/test_math_utils.py::test_add_floats PASSED                         [ 57%]
tests/test_math_utils.py::test_clamp_within_range PASSED                 [ 58%]
tests/test_math_utils.py::test_clamp_below_min PASSED                    [ 58%]
tests/test_math_utils.py::test_clamp_above_max PASSED                    [ 59%]
tests/test_math_utils.py::test_multiply_integers PASSED                  [ 60%]
tests/test_math_utils.py::test_multiply_floats PASSED                    [ 60%]
tests/test_math_utils.py::test_negate_positive PASSED                    [ 61%]
tests/test_math_utils.py::test_negate_negative PASSED                    [ 61%]
tests/test_math_utils.py::test_negate_zero PASSED                        [ 62%]
tests/test_math_utils.py::test_is_even_cases[2-True] PASSED              [ 63%]
tests/test_math_utils.py::test_is_even_cases[3-False] PASSED             [ 63%]
tests/test_math_utils.py::test_is_even_cases[0-True] PASSED              [ 64%]
tests/test_math_utils.py::test_is_perfect_number_cases PASSED            [ 65%]
tests/test_math_utils.py::test_is_kaprekar_number_cases PASSED           [ 65%]
tests/test_math_utils.py::test_hello_spec_audit_1778114263_returns_42 PASSED [ 66%]
tests/test_math_utils.py::test_hello_spec_audit_returns_42 PASSED        [ 66%]
tests/test_math_utils.py::test_calculate_pepperoni_lbs_for_large_pizza PASSED [ 67%]
tests/test_math_utils.py::test_calculate_pepperoni_lbs_prefers_larger_slices PASSED [ 68%]
tests/test_math_utils.py::test_calculate_pepperoni_lbs_rejects_non_positive_diameters PASSED [ 68%]
tests/test_morse.py::test_morse_message PASSED                           [ 69%]
tests/test_rand.py::test_random_point_in_sphere_returns_n_coordinates PASSED [ 70%]
tests/test_rand.py::test_random_point_in_sphere_coordinates_within_cube_bounds PASSED [ 70%]
tests/test_rand.py::test_random_point_in_sphere_lies_inside_unit_sphere PASSED [ 71%]
tests/test_rand.py::test_random_point_in_sphere_rejects_non_positive_dimensions PASSED [ 71%]
tests/test_spec_issue_creator.py::test_collect_planned_spec_items_reads_planned_sections PASSED [ 72%]
tests/test_spec_issue_creator.py::test_collect_planned_spec_items_ignores_completed_sections PASSED [ 73%]
tests/test_spec_issue_creator.py::test_build_issue_draft_formats_title_and_body PASSED [ 73%]
tests/test_spec_issue_creator.py::test_collect_planned_spec_items_from_dir PASSED [ 74%]
tests/test_square_utils.py::test_square_positive PASSED                  [ 75%]
tests/test_square_utils.py::test_square_negative PASSED                  [ 75%]
tests/test_square_utils.py::test_square_zero PASSED                      [ 76%]
tests/test_square_utils.py::test_square_float PASSED                     [ 76%]
tests/test_store.py::test_set_and_get PASSED                             [ 77%]
tests/test_store.py::test_get_missing_key_raises PASSED                  [ 78%]
tests/test_store.py::test_overwrite_key PASSED                           [ 78%]
tests/test_store.py::test_delete_key PASSED                              [ 79%]
tests/test_store.py::test_delete_missing_key_raises PASSED               [ 80%]
tests/test_store.py::test_keys PASSED                                    [ 80%]
tests/test_store.py::test_keys_excludes_deleted PASSED                   [ 81%]
tests/test_store.py::test_persistence_across_restart PASSED              [ 81%]
tests/test_store.py::test_delete_persisted_across_restart PASSED         [ 82%]
tests/test_store.py::test_tombstone_semantics PASSED                     [ 83%]
tests/test_store.py::test_context_manager PASSED                         [ 83%]
tests/test_store.py::test_empty_store_keys PASSED                        [ 84%]
tests/test_store.py::test_special_characters_in_key_value PASSED         [ 85%]
tests/test_subtract.py::test_subtract PASSED                             [ 85%]
tests/test_utils.py::test_reverse PASSED                                 [ 86%]
tests/test_utils.py::test_reverse_empty PASSED                           [ 86%]
tests/test_utils.py::test_reverse_single PASSED                          [ 87%]
tests/test_vera_workflow.py::test_creds_step_extracts_github_app_token PASSED [ 88%]
tests/test_vera_workflow.py::test_creds_step_masks_github_app_token PASSED [ 88%]
tests/test_vera_workflow.py::test_run_agent_uses_app_token_for_gh_token PASSED [ 89%]
tests/test_vera_workflow.py::test_run_agent_uses_app_token_for_github_token PASSED [ 90%]
tests/test_vera_workflow.py::test_run_agent_fallback_references_secrets PASSED [ 90%]
tests/test_vowel_count.py::test_count_vowels_counts_mixed_case_text PASSED [ 91%]
tests/test_vowel_count.py::test_count_vowels_returns_zero_for_empty_string PASSED [ 91%]
tests/test_vowel_count.py::test_count_vowels_returns_zero_for_punctuation_only PASSED [ 92%]
tests/test_wal.py::test_replay_empty_file PASSED                         [ 93%]
tests/test_wal.py::test_replay_missing_file PASSED                       [ 93%]
tests/test_wal.py::test_replay_set_entries PASSED                        [ 94%]
tests/test_wal.py::test_replay_overwrite PASSED                          [ 95%]
tests/test_wal.py::test_replay_delete_removes_key PASSED                 [ 95%]
tests/test_wal.py::test_replay_delete_nonexistent_key_is_noop PASSED     [ 96%]
tests/test_wal.py::test_corrupted_wal_truncated_line PASSED              [ 96%]
tests/test_wal.py::test_corrupted_wal_invalid_op PASSED                  [ 97%]
tests/test_wal.py::test_corrupted_wal_reports_correct_line_number PASSED [ 98%]
tests/test_wal.py::test_replay_order_matters PASSED                      [ 98%]
tests/test_wal.py::test_replay_pipe_in_key_value PASSED                  [ 99%]
tests/test_wal.py::test_blank_lines_ignored PASSED                       [100%]

============================= 160 passed in 0.33s ==============================
